// Jest Snapshot v1, https://goo.gl/fbAQLP

exports[`ListComponent should match snapshot 1`] = `
<div
  id="root1"
>
  <mat-card
    class="mat-mdc-card mdc-card card mt-2 mb-2"
  >
    <mat-card-header
      class="mat-mdc-card-header card-header"
    >
      <div
        class="mat-mdc-card-header-text"
      />
      <mat-card-title-group
        class="mat-mdc-card-title-group"
      >
        <div>
          <mat-card-title
            class="mat-mdc-card-title"
          >
            Completadas
          </mat-card-title>
          <mat-card-subtitle
            class="mat-mdc-card-subtitle"
          >
            Lista de tareas completadas Â  0/0
          </mat-card-subtitle>
        </div>
      </mat-card-title-group>
    </mat-card-header>
    <mat-card-content
      class="mat-mdc-card-content"
    >
      <div
        class="table-content"
      >
        <mat-list
          aria-disabled="false"
          class="mat-mdc-list mat-mdc-list-base mdc-list"
          role="list"
        >
          
        </mat-list>
      </div>
    </mat-card-content>
  </mat-card>
</div>
`;
